<?xml version="1.0" encoding="utf-8"?><testsuites name="pytest tests"><testsuite name="pytest" errors="0" failures="0" skipped="0" tests="18" time="0.220" timestamp="2025-12-15T11:57:51.512488+00:00" hostname="runnervm6qbrg"><testcase classname="udapi.core.tests.test_coref.TestCoref" name="test_edits" file="udapi/core/tests/test_coref.py" line="25" time="0.024" /><testcase classname="udapi.core.tests.test_coref.TestCoref" name="test_load" file="udapi/core/tests/test_coref.py" line="10" time="0.009" /><testcase classname="udapi.core.tests.test_document.TestDocument" name="test_ids" file="udapi/core/tests/test_document.py" line="11" time="0.000" /><testcase classname="udapi.core.tests.test_document.TestDocument" name="test_init" file="udapi/core/tests/test_document.py" line="8" time="0.000" /><testcase classname="udapi.core.tests.test_enhdeps.TestEnhDeps" name="test_create_deps2empty" file="udapi/core/tests/test_enhdeps.py" line="52" time="0.004" /><testcase classname="udapi.core.tests.test_enhdeps.TestEnhDeps" name="test_create_empty" file="udapi/core/tests/test_enhdeps.py" line="41" time="0.001" /><testcase classname="udapi.core.tests.test_enhdeps.TestEnhDeps" name="test_datapath" file="udapi/core/tests/test_enhdeps.py" line="32" time="0.000" /><testcase classname="udapi.core.tests.test_enhdeps.TestEnhDeps" name="test_nodes" file="udapi/core/tests/test_enhdeps.py" line="35" time="0.000" /><testcase classname="udapi.core.tests.test_enhdeps.TestEnhDeps" name="test_ord_type" file="udapi/core/tests/test_enhdeps.py" line="38" time="0.000" /><testcase classname="udapi.core.tests.test_enhdeps.TestEnhDeps" name="test_regular_deps" file="udapi/core/tests/test_enhdeps.py" line="47" time="0.000" /><testcase classname="udapi.core.tests.test_node.TestDocument" name="test_deprel" file="udapi/core/tests/test_node.py" line="150" time="0.000" /><testcase classname="udapi.core.tests.test_node.TestDocument" name="test_deps_getter" file="udapi/core/tests/test_node.py" line="173" time="0.004" /><testcase classname="udapi.core.tests.test_node.TestDocument" name="test_deps_setter" file="udapi/core/tests/test_node.py" line="204" time="0.000" /><testcase classname="udapi.core.tests.test_node.TestDocument" name="test_draw" file="udapi/core/tests/test_node.py" line="67" time="0.004" /><testcase classname="udapi.core.tests.test_node.TestDocument" name="test_empty_nodes" file="udapi/core/tests/test_node.py" line="216" time="0.000" /><testcase classname="udapi.core.tests.test_node.TestDocument" name="test_enh_deps_and_reordering" file="udapi/core/tests/test_node.py" line="247" time="0.000" /><testcase classname="udapi.core.tests.test_node.TestDocument" name="test_feats" file="udapi/core/tests/test_node.py" line="123" time="0.000" /><testcase classname="udapi.core.tests.test_node.TestDocument" name="test_topology" file="udapi/core/tests/test_node.py" line="20" time="0.004" /></testsuite></testsuites>